<?xml version="1.0" encoding="UTF-8"?>
<testsuites name="jest tests" tests="40" failures="0" errors="0" time="1.769">
  <testsuite name="tests/films.spec.js" errors="0" failures="0" skipped="0" timestamp="2026-01-12T09:26:51" time="1.321" tests="40">
    <testcase classname="Function &quot;getAllDirectors&quot;" name="should be declared" time="0.009">
    </testcase>
    <testcase classname="Function &quot;getAllDirectors&quot;" name="should return an array" time="0.017">
    </testcase>
    <testcase classname="Function &quot;getAllDirectors&quot;" name="should return a new array, not update the original one" time="0.006">
    </testcase>
    <testcase classname="Function &quot;getAllDirectors&quot;" name="should return a new array with the same length as the original one" time="0.001">
    </testcase>
    <testcase classname="Function &quot;getMoviesFromDirector&quot;" name="should be declared" time="0.001">
    </testcase>
    <testcase classname="Function &quot;getMoviesFromDirector&quot;" name="should return an array" time="0.001">
    </testcase>
    <testcase classname="Function &quot;getMoviesFromDirector&quot;" name="should return a new array, not update the original one" time="0.001">
    </testcase>
    <testcase classname="Function &quot;getMoviesFromDirector&quot;" name="should return a new array with the movies from director" time="0.001">
    </testcase>
    <testcase classname="Function &quot;moviesAverageOfDirector&quot;" name="should be declared" time="0.001">
    </testcase>
    <testcase classname="Function &quot;moviesAverageOfDirector&quot;" name="should return a number" time="0.001">
    </testcase>
    <testcase classname="Function &quot;moviesAverageOfDirector&quot;" name="should be different from NaN" time="0">
    </testcase>
    <testcase classname="Function &quot;moviesAverageOfDirector&quot;" name=" should return the average score of movies selecting only the director films. With 2 decimals! " time="0.001">
    </testcase>
    <testcase classname="Function &quot;orderAlphabetically&quot;" name="should be declared" time="0.001">
    </testcase>
    <testcase classname="Function &quot;orderAlphabetically&quot;" name="should return an array" time="0.001">
    </testcase>
    <testcase classname="Function &quot;orderAlphabetically&quot;" name="should not mutate the original array" time="0.001">
    </testcase>
    <testcase classname="Function &quot;orderAlphabetically&quot;" name="should only return the title of the movies, each value should be a string" time="0.001">
    </testcase>
    <testcase classname="Function &quot;orderAlphabetically&quot;" name="should return all of items when the array passed has fewer than 20 items" time="0.001">
    </testcase>
    <testcase classname="Function &quot;orderAlphabetically&quot;" name="should order them alphabetically." time="0.001">
    </testcase>
    <testcase classname="Function &quot;orderAlphabetically&quot;" name="should return the top 20 after ordering them alphabetically." time="0.001">
    </testcase>
    <testcase classname="Function &quot;orderByYear&quot;" name="should be declared" time="0.001">
    </testcase>
    <testcase classname="Function &quot;orderByYear&quot;" name="should return an array" time="0.001">
    </testcase>
    <testcase classname="Function &quot;orderByYear&quot;" name="should return a new array" time="0">
    </testcase>
    <testcase classname="Function &quot;orderByYear&quot;" name="should return the element in a single element array" time="0">
    </testcase>
    <testcase classname="Function &quot;orderByYear&quot;" name="should return the new array in ascending order" time="0">
    </testcase>
    <testcase classname="Function &quot;orderByYear&quot;" name="should order movies with the same year by their title, alphabetically" time="0">
    </testcase>
    <testcase classname="Function &quot;moviesAverageByCategory&quot;" name="should be declared" time="0">
    </testcase>
    <testcase classname="Function &quot;moviesAverageByCategory&quot;" name="should return a number" time="0.001">
    </testcase>
    <testcase classname="Function &quot;moviesAverageByCategory&quot;" name="should be different from NaN" time="0.001">
    </testcase>
    <testcase classname="Function &quot;moviesAverageByCategory&quot;" name="should return the average score of movies selecting a category. With 2 decimals! " time="0.007">
    </testcase>
    <testcase classname="Function &quot;hoursToMinutes&quot;" name="should be declared" time="0.001">
    </testcase>
    <testcase classname="Function &quot;hoursToMinutes&quot;" name="should return an array" time="0.001">
    </testcase>
    <testcase classname="Function &quot;hoursToMinutes&quot;" name="should return a new array, not update the original one" time="0.001">
    </testcase>
    <testcase classname="Function &quot;hoursToMinutes&quot;" name="should return an array of movies with duration as a number" time="0.001">
    </testcase>
    <testcase classname="Function &quot;hoursToMinutes&quot;" name="should return an array of movies with the correct duration for a 31 minute movie" time="0">
    </testcase>
    <testcase classname="Function &quot;hoursToMinutes&quot;" name="should return an array of movies with the correct duration for a 341 minute movie" time="0">
    </testcase>
    <testcase classname="Function &quot;hoursToMinutes&quot;" name="should return an array of movies with the correct duration for a 2 hour movie" time="0">
    </testcase>
    <testcase classname="Function &quot;bestFilmOfYear&quot;" name="should be declared" time="0">
    </testcase>
    <testcase classname="Function &quot;bestFilmOfYear&quot;" name="should return an array" time="0">
    </testcase>
    <testcase classname="Function &quot;bestFilmOfYear&quot;" name="should return a new array, not update the original one" time="0.001">
    </testcase>
    <testcase classname="Function &quot;bestFilmOfYear&quot;" name="should return the best film of a year, searching in an array" time="0">
    </testcase>
  </testsuite>
</testsuites>